Running 30s test @ http://localhost:20002/wrk2-api/post/compose
  8 threads and 50 connections

  Thread calibration: mean lat.: 3.601ms, rate sampling interval: 10ms
  Thread calibration: mean lat.: 3.549ms, rate sampling interval: 10ms
  Thread calibration: mean lat.: 3.552ms, rate sampling interval: 10ms
  Thread calibration: mean lat.: 3.574ms, rate sampling interval: 10ms
  Thread calibration: mean lat.: 3.542ms, rate sampling interval: 10ms
  Thread calibration: mean lat.: 3.581ms, rate sampling interval: 10ms
  Thread calibration: mean lat.: 3.711ms, rate sampling interval: 10ms
  Thread calibration: mean lat.: 3.548ms, rate sampling interval: 10ms

-----------------------------------------------------------------------
Test Results @ http://localhost:20002/wrk2-api/post/compose 
  Thread Stats   Avg      Stdev     99%   +/- Stdev
    Latency     3.35ms  467.70us   4.61ms   70.10%
    Req/Sec     6.16     25.57   111.00     94.31%
  Latency Distribution (HdrHistogram - Recorded Latency)
 50.000%    3.35ms
 75.000%    3.63ms
 90.000%    3.90ms
 99.000%    4.61ms
 99.900%    5.19ms
 99.990%    5.35ms
 99.999%    5.35ms
100.000%    5.35ms

  Detailed Percentile spectrum:
       Value   Percentile   TotalCount 1/(1-Percentile)

       1.989     0.000000            1         1.00
       2.757     0.100000           94         1.11
       2.955     0.200000          191         1.25
       3.101     0.300000          280         1.43
       3.237     0.400000          375         1.67
       3.345     0.500000          467         2.00
       3.407     0.550000          515         2.22
       3.461     0.600000          560         2.50
       3.517     0.650000          608         2.86
       3.569     0.700000          655         3.33
       3.633     0.750000          700         4.00
       3.677     0.775000          727         4.44
       3.711     0.800000          747         5.00
       3.759     0.825000          772         5.71
       3.799     0.850000          796         6.67
       3.839     0.875000          817         8.00
       3.873     0.887500          829         8.89
       3.901     0.900000          840        10.00
       3.955     0.912500          852        11.43
       3.999     0.925000          865        13.33
       4.049     0.937500          875        16.00
       4.085     0.943750          881        17.78
       4.127     0.950000          887        20.00
       4.163     0.956250          893        22.86
       4.199     0.962500          899        26.67
       4.239     0.968750          904        32.00
       4.271     0.971875          907        35.56
       4.315     0.975000          910        40.00
       4.323     0.978125          914        45.71
       4.427     0.981250          916        53.33
       4.487     0.984375          919        64.00
       4.523     0.985938          920        71.11
       4.559     0.987500          922        80.00
       4.583     0.989062          923        91.43
       4.619     0.990625          925       106.67
       4.679     0.992188          926       128.00
       4.763     0.992969          927       142.22
       4.771     0.993750          928       160.00
       4.771     0.994531          928       182.86
       4.871     0.995313          929       213.33
       4.999     0.996094          930       256.00
       4.999     0.996484          930       284.44
       5.039     0.996875          931       320.00
       5.039     0.997266          931       365.71
       5.039     0.997656          931       426.67
       5.187     0.998047          932       512.00
       5.187     0.998242          932       568.89
       5.187     0.998437          932       640.00
       5.187     0.998633          932       731.43
       5.187     0.998828          932       853.33
       5.351     0.999023          933      1024.00
       5.351     1.000000          933          inf
#[Mean    =        3.347, StdDeviation   =        0.468]
#[Max     =        5.348, Total count    =          933]
#[Buckets =           27, SubBuckets     =         2048]
-----------------------------------------------------------------------
  1452 requests in 30.01s, 273.67KB read
  Socket errors: connect 0, read 0, write 0, timeout 86
Requests/sec:     48.38  
Transfer/sec:      9.12KB
