Running 30s test @ http://localhost:20003/wrk2-api/post/compose
  8 threads and 50 connections

  Thread calibration: mean lat.: 3.550ms, rate sampling interval: 10ms
  Thread calibration: mean lat.: 3.629ms, rate sampling interval: 10ms
  Thread calibration: mean lat.: 3.697ms, rate sampling interval: 10ms
  Thread calibration: mean lat.: 3.869ms, rate sampling interval: 10ms
  Thread calibration: mean lat.: 3.747ms, rate sampling interval: 10ms
  Thread calibration: mean lat.: 3.648ms, rate sampling interval: 10ms
  Thread calibration: mean lat.: 3.485ms, rate sampling interval: 10ms
  Thread calibration: mean lat.: 3.665ms, rate sampling interval: 10ms

-----------------------------------------------------------------------
Test Results @ http://localhost:20003/wrk2-api/post/compose 
  Thread Stats   Avg      Stdev     99%   +/- Stdev
    Latency     3.35ms  456.56us   4.42ms   70.31%
    Req/Sec     6.12     25.17   111.00     94.27%
  Latency Distribution (HdrHistogram - Recorded Latency)
 50.000%    3.37ms
 75.000%    3.65ms
 90.000%    3.88ms
 99.000%    4.42ms
 99.900%    5.21ms
 99.990%    6.37ms
 99.999%    6.37ms
100.000%    6.37ms

  Detailed Percentile spectrum:
       Value   Percentile   TotalCount 1/(1-Percentile)

       2.061     0.000000            1         1.00
       2.775     0.100000           94         1.11
       2.967     0.200000          190         1.25
       3.111     0.300000          280         1.43
       3.255     0.400000          374         1.67
       3.365     0.500000          467         2.00
       3.413     0.550000          514         2.22
       3.473     0.600000          562         2.50
       3.527     0.650000          608         2.86
       3.587     0.700000          654         3.33
       3.649     0.750000          700         4.00
       3.681     0.775000          724         4.44
       3.723     0.800000          747         5.00
       3.757     0.825000          770         5.71
       3.787     0.850000          794         6.67
       3.827     0.875000          817         8.00
       3.851     0.887500          829         8.89
       3.879     0.900000          841        10.00
       3.915     0.912500          853        11.43
       3.953     0.925000          864        13.33
       4.013     0.937500          875        16.00
       4.027     0.943750          881        17.78
       4.053     0.950000          887        20.00
       4.099     0.956250          893        22.86
       4.147     0.962500          900        26.67
       4.175     0.968750          904        32.00
       4.203     0.971875          907        35.56
       4.235     0.975000          910        40.00
       4.267     0.978125          913        45.71
       4.303     0.981250          916        53.33
       4.347     0.984375          919        64.00
       4.359     0.985938          921        71.11
       4.379     0.987500          922        80.00
       4.411     0.989062          923        91.43
       4.423     0.990625          925       106.67
       4.463     0.992188          926       128.00
       4.483     0.992969          927       142.22
       4.491     0.993750          928       160.00
       4.491     0.994531          928       182.86
       4.587     0.995313          929       213.33
       4.623     0.996094          930       256.00
       4.623     0.996484          930       284.44
       4.799     0.996875          931       320.00
       4.799     0.997266          931       365.71
       4.799     0.997656          931       426.67
       5.207     0.998047          932       512.00
       5.207     0.998242          932       568.89
       5.207     0.998437          932       640.00
       5.207     0.998633          932       731.43
       5.207     0.998828          932       853.33
       6.367     0.999023          933      1024.00
       6.367     1.000000          933          inf
#[Mean    =        3.350, StdDeviation   =        0.457]
#[Max     =        6.364, Total count    =          933]
#[Buckets =           27, SubBuckets     =         2048]
-----------------------------------------------------------------------
  1452 requests in 30.01s, 273.67KB read
  Socket errors: connect 0, read 0, write 0, timeout 86
Requests/sec:     48.38  
Transfer/sec:      9.12KB
