Running 30s test @ http://localhost:20001/wrk2-api/post/compose
  8 threads and 50 connections

  Thread calibration: mean lat.: 3.658ms, rate sampling interval: 10ms
  Thread calibration: mean lat.: 3.629ms, rate sampling interval: 10ms
  Thread calibration: mean lat.: 3.799ms, rate sampling interval: 10ms
  Thread calibration: mean lat.: 3.664ms, rate sampling interval: 10ms
  Thread calibration: mean lat.: 3.623ms, rate sampling interval: 10ms
  Thread calibration: mean lat.: 3.652ms, rate sampling interval: 10ms
  Thread calibration: mean lat.: 3.634ms, rate sampling interval: 10ms
  Thread calibration: mean lat.: 3.644ms, rate sampling interval: 10ms

-----------------------------------------------------------------------
Test Results @ http://localhost:20001/wrk2-api/post/compose 
  Thread Stats   Avg      Stdev     99%   +/- Stdev
    Latency     3.34ms  493.51us   4.48ms   70.31%
    Req/Sec     6.15     25.23   111.00     94.26%
  Latency Distribution (HdrHistogram - Recorded Latency)
 50.000%    3.31ms
 75.000%    3.64ms
 90.000%    3.93ms
 99.000%    4.48ms
 99.900%    5.57ms
 99.990%    7.00ms
 99.999%    7.00ms
100.000%    7.00ms

  Detailed Percentile spectrum:
       Value   Percentile   TotalCount 1/(1-Percentile)

       2.007     0.000000            1         1.00
       2.705     0.100000           94         1.11
       2.935     0.200000          187         1.25
       3.083     0.300000          281         1.43
       3.215     0.400000          375         1.67
       3.305     0.500000          467         2.00
       3.383     0.550000          516         2.22
       3.435     0.600000          560         2.50
       3.501     0.650000          608         2.86
       3.567     0.700000          654         3.33
       3.641     0.750000          700         4.00
       3.671     0.775000          725         4.44
       3.713     0.800000          747         5.00
       3.761     0.825000          771         5.71
       3.817     0.850000          794         6.67
       3.849     0.875000          817         8.00
       3.901     0.887500          829         8.89
       3.931     0.900000          840        10.00
       3.981     0.912500          852        11.43
       4.017     0.925000          864        13.33
       4.103     0.937500          875        16.00
       4.147     0.943750          881        17.78
       4.187     0.950000          888        20.00
       4.223     0.956250          893        22.86
       4.271     0.962500          899        26.67
       4.311     0.968750          904        32.00
       4.343     0.971875          908        35.56
       4.359     0.975000          911        40.00
       4.367     0.978125          913        45.71
       4.391     0.981250          916        53.33
       4.415     0.984375          919        64.00
       4.419     0.985938          920        71.11
       4.431     0.987500          922        80.00
       4.471     0.989062          923        91.43
       4.511     0.990625          925       106.67
       4.531     0.992188          926       128.00
       4.607     0.992969          927       142.22
       4.647     0.993750          928       160.00
       4.647     0.994531          928       182.86
       4.695     0.995313          929       213.33
       5.051     0.996094          930       256.00
       5.051     0.996484          930       284.44
       5.467     0.996875          931       320.00
       5.467     0.997266          931       365.71
       5.467     0.997656          931       426.67
       5.567     0.998047          932       512.00
       5.567     0.998242          932       568.89
       5.567     0.998437          932       640.00
       5.567     0.998633          932       731.43
       5.567     0.998828          932       853.33
       7.003     0.999023          933      1024.00
       7.003     1.000000          933          inf
#[Mean    =        3.338, StdDeviation   =        0.494]
#[Max     =        7.000, Total count    =          933]
#[Buckets =           27, SubBuckets     =         2048]
-----------------------------------------------------------------------
  1452 requests in 30.01s, 273.67KB read
  Socket errors: connect 0, read 0, write 0, timeout 86
Requests/sec:     48.39  
Transfer/sec:      9.12KB
